Taxonomy,Mock_expected
Pseudomonas aeruginosa,0.042
Escherichia/Shigella coli,0.101
Salmonella enterica,0.104
Lactobacillus fermentum,0.184
Enterococcus faecalis,0.099
Staphylococcus aureus,0.155
Listeria monocytogenes,0.141
Bacillus subtilis,0.174
